[www.templatemonster.com/demo/46851.html]
[backblue.gif]
[fade.gif]
[index.html]
[s.tmimgcdn.com/img/logo-touch/mstile-310x15051dc.png]
[s.tmimgcdn.com/img/logo-touch/mstile-310x31051dc.png]
[s.tmimgcdn.com/img/logo-touch/mstile-150x15051dc.png]
[s.tmimgcdn.com/img/logo-touch/mstile-144x14451dc.png]
[s.tmimgcdn.com/img/logo-touch/favicon-16x1651dc.png]
[s.tmimgcdn.com/img/logo-touch/favicon-32x3251dc.png]
[s.tmimgcdn.com/img/logo-touch/favicon-96x9651dc.png]
[s.tmimgcdn.com/img/logo-touch/android-chrome-3651dc.png]
[s.tmimgcdn.com/img/logo-touch/android-chrome-4851dc.png]
[s.tmimgcdn.com/img/logo-touch/android-chrome-7251dc.png]
[s.tmimgcdn.com/img/logo-touch/android-chrome-9651dc.png]
[s.tmimgcdn.com/img/logo-touch/android-chrome-14451dc.png]
[s.tmimgcdn.com/img/logo-touch/android-chrome-19251dc.png]
[s.tmimgcdn.com/img/logo-touch/apple-touch-icon-precomposed51dc.png]
[s.tmimgcdn.com/img/logo-touch/apple-touch-icon-18051dc.png]
[s.tmimgcdn.com/img/logo-touch/apple-touch-icon-15251dc.png]
[s.tmimgcdn.com/img/logo-touch/apple-touch-icon-14451dc.png]
[s.tmimgcdn.com/img/logo-touch/apple-touch-icon-12051dc.png]
[s.tmimgcdn.com/img/logo-touch/apple-touch-icon-11451dc.png]
[s.tmimgcdn.com/img/logo-touch/apple-touch-icon-7651dc.png]
[s.tmimgcdn.com/img/logo-touch/apple-touch-icon-7251dc.png]
[s.tmimgcdn.com/img/logo-touch/apple-touch-icon-6051dc.png]
[s.tmimgcdn.com/img/logo-touch/apple-touch-icon-5751dc.png]
[s.tmimgcdn.com/css/owl.theme8843.css]
[www.templatemonster.com/js/config.js]
[s.tmimgcdn.com/css/standalone/livedemo8843.css]
[www.templatemonster.com/demo/46851.html]
[s.tmimgcdn.com/img/logo-touch/mstile-70x7051dc.png]
[s.tmimgcdn.com/css/font.css]
[s.tmimgcdn.com/js/varnish.compiled.application.en77a5.js]
[s.tmimgcdn.com/css/standalone/livedemo8843.css]
[s.tmimgcdn.com/css/bootstrap.css]
[s.tmimgcdn.com/img/small-spinner.gif]
[s.tmimgcdn.com/css/owl.theme8843.css]
[www.googletagmanager.com/gtm5445.html]
[www.templatemonster.com/js/config.js]
[s.tmimgcdn.com/css/owl.carousel8843.css]
[apis.google.com/js/plusone.js]
[platform.twitter.com/widgets.js]
[platform.stumbleupon.com/1/widgets.js]
[platform.linkedin.com/in.js]
[assets.pinterest.com/js/pinit.js]
[www.templatemonster.com/img/progress.gif]
[www.templatemonster.com/img/tiny_spinner.gif]
[s.tmimgcdn.com/js/varnish.compiled.application.en77a5.js]
[s.tmimgcdn.com/css/font.css]
[s.tmimgcdn.com/css/bootstrap.css]
[s.tmimgcdn.com/css/owl.carousel8843.css]
[widgets.digg.com/buttons.html]
[www.templatemonster.com/demo/index.html]
[www.templatemonster.com/demo/arguments.caller not defined.  goog.base() cannot be used with strict mode code. See http_/www.ecma-international.org/ecma-262/5.1/index.html]
[www.templatemonster.com/demo/gecko/index.html]
[www.templatemonster.com/demo/safari/index.html]
[www.templatemonster.com/demo/mozilla/index.html]
[s.tmimgcdn.com/css/varnish.application.minified.css]
[s.tmimgcdn.com/img/cross-sign312d.png]
[s.tmimgcdn.com/img/slider-img-monstroid312d.png]
[s.tmimgcdn.com/img/radio-icon312d.png]
[s.tmimgcdn.com/img/cstmz-serv1312d.jpg]
[s.tmimgcdn.com/img/cstmz-serv3312d.jpg]
[s.tmimgcdn.com/img/sprite312d.png]
[s.tmimgcdn.com/img/pp-cstmz-serv2312d.jpg]
[s.tmimgcdn.com/img/pp-cstmz-serv3312d.jpg]
[s.tmimgcdn.com/img/pp-cstmz-serv4312d.jpg]
[s.tmimgcdn.com/img/pp-cstmz-serv5312d.jpg]
[s.tmimgcdn.com/img/line-bg312d.gif]
[s.tmimgcdn.com/img/sprite2312d.png]
[s.tmimgcdn.com/img/landing/videoheader-wordpress312d.jpg]
[s.tmimgcdn.com/img/landing/videoheader-moto-cms-3312d.jpg]
[s.tmimgcdn.com/img/landing/videoheader-opencart312d.jpg]
[s.tmimgcdn.com/img/landing/videoheader-magento312d.jpg]
[s.tmimgcdn.com/img/landing/videoheader-joomla312d.jpg]
[s.tmimgcdn.com/img/landing/header-monstroid312d.png]
[s.tmimgcdn.com/img/wp/phone-icon.png]
[s.tmimgcdn.com/img/vacancy-sprites312d.png]
[s.tmimgcdn.com/img/wp-letters-paper-plane312d.png]
[s.tmimgcdn.com/img/wp-affiliate-step1-bg312d.jpg]
[s.tmimgcdn.com/img/wp-letters-header-bg312d.jpg]
[s.tmimgcdn.com/img/wp-phone312d.png]
[www.templatemonster.com/wp-content/uploads/2016/12/bg_unsubscribe_page.jpg]
[s.tmimgcdn.com/css/varnish.application.minified.css]
[s.tmimgcdn.com/css/mCSB_buttons.png]
[s.tmimgcdn.com/img/cstmz-serv2312d.jpg]
[s.tmimgcdn.com/img/pp-cstmz-serv2312d.html]
[s.tmimgcdn.com/img/pp-cstmz-serv3312d.html]
[s.tmimgcdn.com/img/pp-cstmz-serv4312d.html]
[s.tmimgcdn.com/img/pp-cstmz-serv5312d.html]
[s.tmimgcdn.com/img/pp-cstmz-serv1312d.jpg]
[s.tmimgcdn.com/img/landing/videoheader-prestashop312d.jpg]
[www.templatemonster.com/widget.html]
[s.tmimgcdn.com/css/mCSB_buttons.png]
[s.tmimgcdn.com/img/pp-cstmz-serv1312d.jpg]
